---
source: tests/edge_cases.rs
expression: result
---
|  |  |  |
| --- | --- | --- |
|  |  |  |
