---
source: tests/edge_cases.rs
expression: result
---
| Name | Age |  |
| --- | --- | --- |
| John | 25 |  |
