---
source: tests/integration_tests.rs
expression: result
---
| Symbol | Name | Code |
| --- | --- | --- |
| â˜… | Star | U+2605 |
| â™  | Spade | U+2660 |
| ðŸš€ | Rocket | U+1F680 |
