---
source: tests/integration_tests.rs
expression: output.stdout
---

