---
source: tests/integration_tests.rs
expression: result
---

