---
source: tests/integration_tests.rs
expression: stdout
---
| Product | Price |
| --- | --- |
| Laptop | $999 |
| Mouse | $25 |
