---
source: tests/integration_tests.rs
expression: result
---
| Name | Quote |
| --- | --- |
| Shakespeare | To be or not to be |
| Einstein | E=mcÂ² |
| Anonymous | No quotes here |
